[     659ms] [INFO] %cDownload the React DevTools for a better development experience: https://reactjs.org/link/react-devtools font-weight:bold @ http://localhost:5173/node_modules/.vite/deps/chunk-373CG7ZK.js?v=81c7bd60:21548
[     751ms] [ERROR] Failed to load resource: the server responded with a status of 404 (Not Found) @ http://localhost:5173/favicon.ico:0
[   46735ms] ReferenceError: occurrencesWord is not defined
    at SettingsScreen (http://localhost:5173/src/screens/SettingsScreen.tsx?t=1787767285580:105:9)
    at renderWithHooks (http://localhost:5173/node_modules/.vite/deps/chunk-373CG7ZK.js?v=81c7bd60:11546:26)
    at updateFunctionComponent (http://localhost:5173/node_modules/.vite/deps/chunk-373CG7ZK.js?v=81c7bd60:14580:28)
    at beginWork (http://localhost:5173/node_modules/.vite/deps/chunk-373CG7ZK.js?v=81c7bd60:15922:22)
    at HTMLUnknownElement.callCallback2 (http://localhost:5173/node_modules/.vite/deps/chunk-373CG7ZK.js?v=81c7bd60:3672:22)
    at Object.invokeGuardedCallbackDev (http://localhost:5173/node_modules/.vite/deps/chunk-373CG7ZK.js?v=81c7bd60:3697:24)
    at invokeGuardedCallback (http://localhost:5173/node_modules/.vite/deps/chunk-373CG7ZK.js?v=81c7bd60:3731:39)
    at beginWork$1 (http://localhost:5173/node_modules/.vite/deps/chunk-373CG7ZK.js?v=81c7bd60:19763:15)
    at performUnitOfWork (http://localhost:5173/node_modules/.vite/deps/chunk-373CG7ZK.js?v=81c7bd60:19196:20)
    at workLoopSync (http://localhost:5173/node_modules/.vite/deps/chunk-373CG7ZK.js?v=81c7bd60:19135:13)
[   46740ms] ReferenceError: occurrencesWord is not defined
    at SettingsScreen (http://localhost:5173/src/screens/SettingsScreen.tsx?t=1787767285580:105:9)
    at renderWithHooks (http://localhost:5173/node_modules/.vite/deps/chunk-373CG7ZK.js?v=81c7bd60:11546:26)
    at updateFunctionComponent (http://localhost:5173/node_modules/.vite/deps/chunk-373CG7ZK.js?v=81c7bd60:14580:28)
    at beginWork (http://localhost:5173/node_modules/.vite/deps/chunk-373CG7ZK.js?v=81c7bd60:15922:22)
    at HTMLUnknownElement.callCallback2 (http://localhost:5173/node_modules/.vite/deps/chunk-373CG7ZK.js?v=81c7bd60:3672:22)
    at Object.invokeGuardedCallbackDev (http://localhost:5173/node_modules/.vite/deps/chunk-373CG7ZK.js?v=81c7bd60:3697:24)
    at invokeGuardedCallback (http://localhost:5173/node_modules/.vite/deps/chunk-373CG7ZK.js?v=81c7bd60:3731:39)
    at beginWork$1 (http://localhost:5173/node_modules/.vite/deps/chunk-373CG7ZK.js?v=81c7bd60:19763:15)
    at performUnitOfWork (http://localhost:5173/node_modules/.vite/deps/chunk-373CG7ZK.js?v=81c7bd60:19196:20)
    at workLoopSync (http://localhost:5173/node_modules/.vite/deps/chunk-373CG7ZK.js?v=81c7bd60:19135:13)
[   46742ms] [ERROR] The above error occurred in the <SettingsScreen> component:

    at SettingsScreen (http://localhost:5173/src/screens/SettingsScreen.tsx?t=1787767285580:34:3)
    at main
    at div
    at App (http://localhost:5173/src/App.tsx?t=1787766918270:33:17)

Consider adding an error boundary to your tree to customize error handling behavior.
Visit https://reactjs.org/link/error-boundaries to learn more about error boundaries. @ http://localhost:5173/node_modules/.vite/deps/chunk-373CG7ZK.js?v=81c7bd60:14029
[   46744ms] ReferenceError: occurrencesWord is not defined
    at SettingsScreen (http://localhost:5173/src/screens/SettingsScreen.tsx?t=1787767285580:105:9)
    at renderWithHooks (http://localhost:5173/node_modules/.vite/deps/chunk-373CG7ZK.js?v=81c7bd60:11546:26)
    at updateFunctionComponent (http://localhost:5173/node_modules/.vite/deps/chunk-373CG7ZK.js?v=81c7bd60:14580:28)
    at beginWork (http://localhost:5173/node_modules/.vite/deps/chunk-373CG7ZK.js?v=81c7bd60:15922:22)
    at beginWork$1 (http://localhost:5173/node_modules/.vite/deps/chunk-373CG7ZK.js?v=81c7bd60:19751:22)
    at performUnitOfWork (http://localhost:5173/node_modules/.vite/deps/chunk-373CG7ZK.js?v=81c7bd60:19196:20)
    at workLoopSync (http://localhost:5173/node_modules/.vite/deps/chunk-373CG7ZK.js?v=81c7bd60:19135:13)
    at renderRootSync (http://localhost:5173/node_modules/.vite/deps/chunk-373CG7ZK.js?v=81c7bd60:19114:15)
    at recoverFromConcurrentError (http://localhost:5173/node_modules/.vite/deps/chunk-373CG7ZK.js?v=81c7bd60:18734:28)
    at performSyncWorkOnRoot (http://localhost:5173/node_modules/.vite/deps/chunk-373CG7ZK.js?v=81c7bd60:18877:28)
